{
  "bundle_fingerprint": "504e150f83ccd1fbf3d1038423cc783e5a42e5c3216a1c718bb0fe0d84304856",
  "cache_key": "695fc8045c153cfa1bdde5d28c57f5c6cbf363e3a87ff61f5c71fb0af51c54cd",
  "coordinator_result": "complete",
  "created_at": "2026-08-25T18:20:58.847646+00:00",
  "generator_contract_sha256": "0d10f3361b6f3122896501f1f8037239b542d6c2011cb838fbc4b4931df833ea",
  "isolation_cleanup_verified": true,
  "isolation_session_id": "7a2d676dce",
  "isolation_status": "cleaned",
  "qualification_status": "qualified",
  "quality_fingerprint": "ff1cd028e762f75b860733513254424fa40775d31d899a1fdd73e22c7bcc5dbd",
  "quality_passed": true,
  "release": null,
  "request_fingerprint": "ede35c49200c02232b2a87525f636e81274c39db3718acbd856408d6d6aeb9d4",
  "request_id": "boundary_cascading_compound_bundle",
  "scale_passed": true,
  "schema_version": 1,
  "summary_fingerprint": "0911a885185a511190c92473fd6acd1d42b8b7f2f9ca4405f07dbaea1a8be357",
  "worker_count": 9,
  "workspace": "/home/zvanadium/seed-emulator/benchmarks/meeting_reports/20260826_020240_CST/lifecycles/cascading_compound"
}
