{
  "bundle_fingerprint": "6755979aeec6cdc98a25eccbb11d09a66f6d4f6bec476d63e05b3ebbe5dee55b",
  "cache_key": "5d6a221389d95732712e40ea8fdaf990972d2652a49e669301c0fb4b78547c2e",
  "coordinator_result": "complete",
  "created_at": "2026-08-25T18:10:16.912928+00:00",
  "generator_contract_sha256": "0d10f3361b6f3122896501f1f8037239b542d6c2011cb838fbc4b4931df833ea",
  "isolation_cleanup_verified": true,
  "isolation_session_id": "0a6128e31a",
  "isolation_status": "cleaned",
  "qualification_status": "qualified",
  "quality_fingerprint": "70a5de65da27c173fd273e9d11e42d91ed9c10018e0d913ff6bbce32847d6a03",
  "quality_passed": true,
  "release": null,
  "request_fingerprint": "837f73a7c5a87fa7748406235f9afc88f9fe75599d447db5cc9ee9f1827b5d9c",
  "request_id": "mimo_dns_6as_lifecycle_20260825",
  "scale_passed": true,
  "schema_version": 1,
  "summary_fingerprint": "0ac75980cd499fb177cacf71cb06e4c80ec4677d108fe2d47a019b97750ae152",
  "worker_count": 9,
  "workspace": "/home/zvanadium/seed-emulator/benchmarks/meeting_reports/20260826_020240_CST/lifecycles/mimo_six_as_dns"
}
