{
  "audit_fingerprint": "6d2190ba21ee36e6f996b21b262c890638834e5f0a4422a8dc6be50b4fcfd7a2",
  "nl_contract_sha256": "c66318565571c58d2e59e74d9e0e388704f444beadb0d63803ee1f5e0788ea3d",
  "provider_cache_hit": false,
  "provider_invoked": true,
  "requirements": {
    "extension_proposals": [],
    "questions": [
      {
        "code": "missing_faults",
        "field": "fault_types",
        "question": "请指定至少一种可验证故障。"
      }
    ],
    "status": "needs_clarification"
  },
  "scene_fingerprint": "67a901a2766dc07c5de4cca24763303596404d69d9a4710c9a7e7fe8e05f6ab2",
  "session": "/home/zvanadium/seed-emulator/benchmarks/reports/nl_sessions/meeting_scene_plan_20260826",
  "status": "needs_clarification"
}
