{
  "bundle_fingerprint": "5f354647ec973a69b89db0738737c612e6c0278b96479706cd3de28ca864fb16",
  "cache_key": "7b940a8cf91251690c7f1d534ccfb7f3c03ab68aa888fefdf6fdb28ba0116804",
  "coordinator_result": "complete",
  "created_at": "2026-08-25T18:13:23.465068+00:00",
  "generator_contract_sha256": "0d10f3361b6f3122896501f1f8037239b542d6c2011cb838fbc4b4931df833ea",
  "isolation_cleanup_verified": true,
  "isolation_session_id": "950f22d74d",
  "isolation_status": "cleaned",
  "qualification_status": "qualified",
  "quality_fingerprint": "c7fdb5ad5a8881d2ad384adcc5c22bde7a4dd3b7600e8a21563bb1a1261c7321",
  "quality_passed": true,
  "release": null,
  "request_fingerprint": "1183e7175ad4619777aa64a4c0ea07aa7b9b9d4a6e721980070ab7b2c9299a24",
  "request_id": "boundary_ospf_bundle",
  "scale_passed": true,
  "schema_version": 1,
  "summary_fingerprint": "2ff944cad2bf4ba5edebcf6cccc844393dedeb948fabfccdf5f27b47352cf371",
  "worker_count": 9,
  "workspace": "/home/zvanadium/seed-emulator/benchmarks/meeting_reports/20260826_020240_CST/lifecycles/ospf_wrong_area"
}
